// Jest Snapshot v1, https://goo.gl/fbAQLP

exports[`Peer - Map - Save Exchange Scope Modal should show the form text and no error messages on init 1`] = `
<pf-save-exchange-scope-modal
  exchangeScopeApiService={[Function Object]}
  fb={[Function FormBuilder]}
  parentPayMarketOptions={[Function Array]}
  parentPayMarketOptions$={[Function Store]}
  parentPayMarketOptionsLoading$={[Function Store]}
  parentPayMarketOptionsSub={[Function Subscriber]}
  saveExchangeScopeForm={[Function FormGroup]}
  saveExchangeScopeModalOpen$={[Function Store]}
  saveExchangeScopeModalOpenSub={[Function Subscriber]}
  store={[Function Store]}
  upsertExchangeScopeEvent={[Function EventEmitter]}
  upsertingExchangeScope$={[Function Store]}
  upsertingExchangeScopeError$={[Function Store]}
  validatingScopeName="false"
>
  <pf-modal-form
    class="ng-untouched ng-pristine ng-invalid"
    title="Create Exchange Scope"
  >
    
    <input
      class="form-control ng-untouched ng-pristine ng-invalid"
      formcontrolname="exchangeScopeName"
      id="exchange-scope-name"
      maxlength="50"
      pffocus=""
      placeholder="Name"
      type="text"
    />
    
    
    
    
    
    <span
      class="pf-placeholder"
    />
    <textarea
      class="form-control text-area-no-resize ng-untouched ng-pristine ng-valid"
      formcontrolname="exchangeScopeDescription"
      id="exchange-scope-description"
      maxlength="1000"
      name="exchangeScopeDescription"
      placeholder="Add a brief description about the Exchange Scope you are creating..."
      rows="5"
    />
    <pf-multi-select
      data-qa-id="ddm-create-scope-paymarket-defaults"
    />
    
    <label
      for="is-default-scope"
    >
       Make this your default scope? 
      <input
        class="ng-untouched ng-pristine ng-valid"
        formcontrolname="isDefaultScope"
        id="is-default-scope"
        type="checkbox"
      />
    </label>
  </pf-modal-form>
</pf-save-exchange-scope-modal>
`;
