// Jest Snapshot v1, https://goo.gl/fbAQLP

exports[`Peer Dashboard - Exchange Selector should display the currently selected exchange name 1`] = `
<pf-exchange-switcher
  currentExchange={[Function Object]}
  currentExchangeSub={[Function Subscriber]}
  exchange$={[Function Store]}
  exchangeListItems$={[Function Store]}
  popover={[Function NgbPopover]}
  route={[Function Object]}
  router={[Function Object]}
  showRequestAccessButton="false"
  store={[Function Store]}
>
  <button
    class="btn btn-secondary"
    data-qa-id="btn-exchangeSelector"
    ng-reflect-auto-close="outside"
    ng-reflect-ngb-popover="[object Object]"
    ng-reflect-placement="bottom"
    ng-reflect-popover-title="My Current Exchanges"
    placement="bottom"
    popovertitle="My Current Exchanges"
    type="button"
  >
    
  
    
    <span
      class="text-muted"
    >
      Exchange:
    </span>
    
    
    <strong>
      Mock Exchange
    </strong>
    
    
    <fa-icon
      icon="caret-down"
    />
    
  
  
  </button>
  
  
  
</pf-exchange-switcher>
`;
