// Jest Snapshot v1, https://goo.gl/fbAQLP

exports[`RequestAccessModalComponent should match snapshot 1`] = `
<pf-request-access-modal
  formBuilder={[Function FormBuilder]}
  loginStore={[Function Store]}
  requestAccessForm={[Function FormGroup]}
  showRequestAccessModal$={[Function Store]}
>
  <pf-modal-form
    ng-reflect-backdrop="true"
    ng-reflect-form-group="[object Object]"
    ng-reflect-is-open_="[object Object]"
    ng-reflect-modal-id="au-modal-request-access"
    ng-reflect-primary-button-text="Send Request"
    ng-reflect-size="md"
    ng-reflect-sub-title="Request access to Payfactors c"
    ng-reflect-submitting="false"
    ng-reflect-title="Request Access"
  >
    
    
    
    <div
      class="modal-container"
      id="au-modal-request-access"
    />
  </pf-modal-form>
</pf-request-access-modal>
`;
