// Jest Snapshot v1, https://goo.gl/fbAQLP

exports[`Admin - Tickets - Company Detail Card Should display details about a company 1`] = `
<pf-company-detail-card
  companyDetail={[Function Object]}
  store={[Function Store]}
>
  <div
    class="section card mb-2"
    title="Company Details"
  >
    <div
      class="card-header bg-transparent border-bottom-0"
    >
      <h4>
        Company Details
      </h4>
      <div />
    </div>
    <div
      class="card-body"
    >
      <div
        class="row"
      >
        <div
          class="col-sm"
        >
          <div
            class="card-subtitle text-muted"
          >
            Name
          </div>
          <div
            class="card-text mb-2"
          >
            1 - MockCompanyDetailName
          </div>
        </div>
      </div>
      
      <div
        class="row"
      >
        <div
          class="col-sm"
        >
          <div
            class="card-subtitle text-muted"
          >
            Client Type
          </div>
          <div
            class="card-text mb-2"
          >
            MockClientType
          </div>
        </div>
      </div>
      <hr
        class="my-2"
      />
      <div
        class="row"
      >
        <div
          class="col-sm"
        >
          <div
            class="card-subtitle mb-2"
          >
            <span
              class="font-weight-bold"
            >
              1
            </span>
             Tickets Total
          </div>
        </div>
      </div>
      <hr
        class="my-2"
      />
      <div
        class="row"
      >
        <div
          class="col-sm"
        >
          <div
            class="card-subtitle mb-2"
          >
            <span
              class="font-weight-bold"
            >
              1
            </span>
             Opened tickets in the past 1
          </div>
        </div>
      </div>
      
      <hr
        class="my-2"
      />
      
      <div
        class="row"
      >
        <div
          class="col-sm"
        >
          <div
            class="card-subtitle mb-1"
          >
            Recent Tickets
          </div>
          
          <div>
            <a
              href="javascript:void(0)"
              title="MockTitle_1"
            >
              1
            </a>
          </div>
          <div>
            <a
              href="javascript:void(0)"
              title="MockTitle_2"
            >
              2
            </a>
          </div>
          <div>
            <a
              href="javascript:void(0)"
              title="MockTitle_3"
            >
              3
            </a>
          </div>
        </div>
      </div>
    </div>
  </div>
</pf-company-detail-card>
`;
