// Jest Snapshot v1, https://goo.gl/fbAQLP

exports[`CommunityJobPostingsPageComponent should show community job postings page 1`] = `
<pf-community-job-postings-page
  showSearchContainer="false"
>
  <pf-page-with-title-bar>
    
     Job Postings 
    
    
    <div
      class="search-results-container-full-height"
    >
      <pf-community-jobs />
    </div>
  </pf-page-with-title-bar>
</pf-community-job-postings-page>
`;
