// Jest Snapshot v1, https://goo.gl/fbAQLP

exports[`CommunityPostsComponent should show community posts 1`] = `
<pf-community-posts
  avatarUrl={[Function String]}
  communityPosts$={[Function Store]}
  loadingCommunityPosts$={[Function Store]}
  store={[Function Store]}
>
  <div
    class="posts-container p-2 scroll"
  >
    
  </div>
</pf-community-posts>
`;
