// Jest Snapshot v1, https://goo.gl/fbAQLP

exports[`Manage Exchange Filters should match snapshot 1`] = `
<pf-manage-exchange-filters
  exchange$={[Function Observable]}
  exchangeFilterPutting$={[Function Store]}
  exchangeFilterPuttingError$={[Function Store]}
  exchangeFilters={[Function Array]}
  exchangeFilters$={[Function Store]}
  exchangeFiltersLoading$={[Function Store]}
  exchangeFiltersLoadingError$={[Function Store]}
  exchangeId={[Function Number]}
  filtersSubscription={[Function Subscriber]}
  gridHelperService={[Function Object]}
  route={[Function Object]}
  searchString=""
  store={[Function Store]}
  uiPersistenceSettingsApiService={[Function Object]}
>
  <div
    class="d-flex flex-column h-100"
  >
    <pf-manage-exchange-section-header>
      
      <div
        class="omni-box"
      >
        <pf-input-debounce />
      </div>
      <button
        class="btn btn-md btn-primary"
        type="button"
      >
        Add Filter
      </button>
    </pf-manage-exchange-section-header>
    <pf-async-container
      class="flex-grow-1 h-100"
    >
      <table
        class="table"
      >
        <thead>
          <tr>
            <th
              width="5%"
            >
               
            </th>
            <th
              scope="col"
              width="40%"
            >
              Display Name
            </th>
            <th
              scope="col"
              width="25%"
            >
              Field Name
            </th>
            <th
              scope="col"
              width="10%"
            />
            <th
              scope="col"
              width="20%"
            />
          </tr>
        </thead>
        <tbody
          cdkdroplist=""
        >
          
        </tbody>
      </table>
    </pf-async-container>
  </div><pf-add-tag-categories-modal />
</pf-manage-exchange-filters>
`;
