// Jest Snapshot v1, https://goo.gl/fbAQLP

exports[`AddCompanyRoleModalComponent should match snapshot 1`] = `
<pf-add-company-role-modal
  AddCompanyRoleError="undefined"
  addCompanyRoleErrorSubscription={[Function Subscriber]}
  addCompanyRoleForm={[Function FormGroup]}
  addCompanyRoleFormSubscription={[Function Subscriber]}
  addCompanyRoleModalIsOpen$={[Function Store]}
  companyRoleName={[Function ElementRef]}
  formBuilder={[Function FormBuilder]}
  formValueChangesSubscription={[Function Subscriber]}
  rootStore={[Function Store]}
  store={[Function Store]}
  userContext$={[Function Store]}
  validationService={[Function UserRoleValidationService]}
>
  <pf-modal-form>
    
    
    
    <div
      class="modal-container"
      id="au-modal-add-company-role"
    />
  </pf-modal-form>
</pf-add-company-role-modal>
`;
