// Jest Snapshot v1, https://goo.gl/fbAQLP

exports[`Loading User Context should show a router outlet, when we are not getting the user context 1`] = `
<pf-loading-user-context
  gettingUserContext$={[Function Observable]}
  store={[Function Store]}
  userContext$={[Function Store]}
  userContextSubscription={[Function Subscriber]}
>
  <router-outlet />
</pf-loading-user-context>
`;
