// Jest Snapshot v1, https://goo.gl/fbAQLP

exports[`Libs - Infinite Scroll -  should show a message, when loading more results 1`] = `
<pf-infinite-scroll
  error$={[Function Store]}
  hasAllResults="false"
  hasAllResults$={[Function Store]}
  hasAllResultsSub={[Function Subscriber]}
  loading$={[Function Store]}
  loadingMore={[Function Boolean]}
  loadingMore$={[Function Store]}
  loadingMoreSub={[Function Subscriber]}
  loadingSub={[Function Subscriber]}
  position={[Function String]}
  resultsContainer={[Function ElementRef]}
  scrollId={[Function String]}
  spinnerType={[Function String]}
  store={[Function Store]}
>
  <div
    class="scroll-results"
    infinite-scroll=""
    style="position: absolute;"
  >
    <pf-async-container />
    
    <div
      class="m-3"
    >
      <pf-loading-indicator />
       Loading More Results... 
    </div>
  </div>
</pf-infinite-scroll>
`;
