// Jest Snapshot v1, https://goo.gl/fbAQLP

exports[`Admin - Tag Categories Page (the page) should match the snapshot 1`] = `
<pf-tag-categories
  gridState$={[Function Observable]}
  store={[Function Store]}
>
  <pf-page-with-title-bar>
    
     Custom Filter Categories 
    
    <div
      class="omni-box"
    >
      <pf-input-debounce />
    </div>
    <button
      class="btn btn-primary"
      type="button"
    >
      Create
    </button>
    
    <pf-tag-categories-list />
  </pf-page-with-title-bar><pf-create-tag-category-modal />
</pf-tag-categories>
`;
