// Jest Snapshot v1, https://goo.gl/fbAQLP

exports[`CommunityPollComponent should show poll 1`] = `
<pf-community-poll
  communityPolResponseSubmitted$={[Function Store]}
  communityPollResponseSubmittedSubscription={[Function Subscriber]}
  communityPollResponses$={[Function Store]}
  dismissedPollIds={[Function Array]}
  hasNonDismissedResponses$={[Function Store]}
  pollHashTagClicked={[Function EventEmitter]}
  pollTypes={[Function Object]}
  request={[Function Object]}
  response={[Function Object]}
  showResults="false"
  store={[Function Store]}
  type="0"
>
  <div>
    
    
    <div>
      <div
        class="inner-element mb-3 pt-2"
      >
        <div
          class="poll-choice-unanswered poll-choice-shadow p-3 mb-5 bg-white rounded"
          data-qa-id="cnt-pollResponse0"
          ng-reflect-klass="poll-choice-unanswered poll-ch"
          ng-reflect-ng-class="[object Object]"
        >
          <div
            class="response-option-text-container pl-1"
          >
            
            <span
              class="poll-choice-unselected-indicator"
            >
              <fa-layers>
                <fa-icon
                  icon="circle"
                />
                <fa-icon
                  icon="circle"
                  transform="shrink-4"
                />
              </fa-layers>
            </span>
            
            <span
              class="poll-choice-label pl-1"
            >
              yes
            </span>
          </div>
        </div>
      </div>
    </div>
    <div>
      <div
        class="inner-element mb-3 pt-2"
      >
        <div
          class="poll-choice-unanswered poll-choice-shadow p-3 mb-5 bg-white rounded"
          data-qa-id="cnt-pollResponse1"
          ng-reflect-klass="poll-choice-unanswered poll-ch"
          ng-reflect-ng-class="[object Object]"
        >
          <div
            class="response-option-text-container pl-1"
          >
            
            <span
              class="poll-choice-unselected-indicator"
            >
              <fa-layers>
                <fa-icon
                  icon="circle"
                />
                <fa-icon
                  icon="circle"
                  transform="shrink-4"
                />
              </fa-layers>
            </span>
            
            <span
              class="poll-choice-label pl-1"
            >
              no
            </span>
          </div>
        </div>
      </div>
    </div>
    <div
      class="d-flex pt-3 justify-content-end"
      ng-reflect-klass="d-flex pt-3"
      ng-reflect-ng-class="[object Object]"
    >
      
      <button
        class="btn btn-secondary submit-button-container"
        data-qa-id="btn-submitPollResponse"
        type="button"
      >
         Vote 
        
      </button>
    </div>
  </div>
</pf-community-poll>
`;
