// Jest Snapshot v1, https://goo.gl/fbAQLP

exports[`Add Jobs Modal should show a modal with a search bar and a companies grid when addJobsModalOpen$ is true 1`] = `
<pf-add-jobs-modal
  addJobsErrorSubscription={[Function Subscriber]}
  addJobsForm={[Function FormGroup]}
  addJobsModalOpen$={[Function Observable]}
  addJobsModalOpenSubscription={[Function Subscriber]}
  addingJobs$={[Function Store]}
  addingJobsError$={[Function Store]}
  attemptedSubmit="false"
  availableJobsLoading$={[Function Store]}
  availableJobsLoadingError$={[Function Store]}
  exchangeId={[Function Number]}
  fb={[Function FormBuilder]}
  gridState$={[Function Observable]}
  route={[Function Object]}
  selections={[Function Array]}
  selections$={[Function Observable]}
  selectionsSubscription={[Function Subscriber]}
  store={[Function Store]}
  view$={[Function Store]}
>
  <pf-modal-form
    class="ng-untouched ng-pristine ng-invalid"
    ng-reflect-form="[object Object]"
    title="Add Exchange Jobs"
  >
    
    <pf-async-container>
      <div
        class="form-group"
      >
        <pf-input-debounce
          class="ng-untouched ng-pristine ng-valid"
          id="search-jobs"
          ng-reflect-delay="400"
          ng-reflect-focus="true"
          ng-reflect-id="search-jobs"
          ng-reflect-options="[object Object]"
          ng-reflect-placeholder-text="Search for a Job Title..."
          ng-reflect-showing="true"
        >
          
          
          <div
            class="input-group"
          >
            
            <input
              autocomplete="off"
              class="form-control ng-untouched ng-pristine ng-valid"
              data-qa-id="txt-search-jobs"
              id="search-jobs"
              maxlength="524288"
              ng-reflect-is-disabled="false"
              ng-reflect-klass="form-control"
              ng-reflect-maxlength="524288"
              ng-reflect-ng-class=""
              placeholder="Search for a Job Title..."
              style="min-width: 100px;"
              type="text"
            />
            <div
              class="input-group-append action-item"
              ng-reflect-klass="input-group-append action-item"
              ng-reflect-ng-class="action-item"
            >
              <span
                class="input-group-text"
              >
                <fa-icon
                  aria-hidden="true"
                  icon="times"
                />
              </span>
            </div>
          </div>
        </pf-input-debounce>
      </div>
      <kendo-grid
        class="row-click-selects"
      >
        <kendo-grid-column
          field="JobTitle"
          title="Job Title"
        />
        <kendo-grid-column
          field="JobFamily"
          title="Job Family"
        />
        <kendo-grid-column
          field="JobLevel"
          title="Job Level"
        />
        <kendo-grid-column
          class="text-center"
          field="Status"
          headerclass="text-center"
          title="Status"
          width="125"
        >
          
        </kendo-grid-column>
      </kendo-grid>
    </pf-async-container>
    <div
      class="form-group hidden-form-control"
    >
      <input
        class="form-control ng-untouched ng-pristine ng-invalid"
        formcontrolname="selections"
        name="hasSelections"
        ng-reflect-model=""
        ng-reflect-name="selections"
        ng-reflect-pf-validatable="false"
        type="hidden"
        value=""
      />
      
    </div>
  </pf-modal-form>
</pf-add-jobs-modal>
`;
