// Jest Snapshot v1, https://goo.gl/fbAQLP

exports[`UserRoleUserTabComponent Page load 1`] = `
<pf-user-role-users-tab
  currentRole={[Function Object]}
  currentRoleSubscription={[Function Subscriber]}
  saveButtonText={[Function String]}
  searchTerm=""
  store={[Function Store]}
  usersInActiveRoleSubscription={[Function Subscriber]}
  usersInSelectedRole={[Function Array]}
  usersNotInActiveRoleSubscription={[Function Subscriber]}
  usersNotInCurrentRole={[Function Array]}
>
  <div>
    <h4>
      Please select a role from the role list.
    </h4>
  </div>
</pf-user-role-users-tab>
`;
