// Jest Snapshot v1, https://goo.gl/fbAQLP

exports[`Error Indicator should show the error message 1`] = `
<pf-error-indicator
  message={[Function String]}
>
  <span
    class="error-message"
  >
    <fa-icon
      aria-hidden="true"
    />
     Example error message
  </span>
</pf-error-indicator>
`;
