// Jest Snapshot v1, https://goo.gl/fbAQLP

exports[`New Company Exchange Invitations should match snapshot 1`] = `
<pf-new-company-exchange-invitations
  companyInvitationInfoOpen$={[Function Store]}
  exchangeId={[Function Number]}
  newCompanyExchangeInvitationsGrid$={[Function Store]}
  newCompanyExchangeInvitationsLoading$={[Function Store]}
  newCompanyExchangeInvitationsLoadingError$={[Function Store]}
  pageRowIndex="null"
  pageRowIndex$={[Function Store]}
  pageRowIndexSubscription={[Function Subscriber]}
  route={[Function Object]}
  selectedCompanyInvitation="null"
  selectedCompanyInvitation$={[Function Store]}
  selectedCompanyInvitationSubscription={[Function Subscriber]}
  store={[Function Store]}
>
  <div
    class="d-flex flex-column h-100"
  >
    <pf-manage-exchange-section-header />
    <div
      class="d-flex company-invitation-grid-container no-collapse"
    >
      <pf-async-container
        class="flex-grow-1"
      >
        <kendo-grid
          class="row-click-navigates no-wrap-ellipsis-values"
        >
          <kendo-grid-column
            field="RequestCompany"
            title="Request Company"
          >
            
          </kendo-grid-column>
          <kendo-grid-column
            field="RequestUser"
            title="Request User"
          />
          <kendo-grid-column
            field="CompanyName"
            title="New Company Name"
          >
            
          </kendo-grid-column>
          <kendo-grid-column
            field="CompanyIndustry"
            title="Industry"
          >
            
          </kendo-grid-column>
          <kendo-grid-column
            field="ContactName"
            title="Contact Name"
          />
          <kendo-grid-column
            field="ContactEmailAddress"
            title="Contact Email Address"
          >
            
          </kendo-grid-column>
          <kendo-grid-column
            field="ContactJobTitle"
            title="Contact Job Title"
          />
          <kendo-grid-column
            field="ContactPhoneNumber"
            title="Contact Phone Number"
          />
          <kendo-grid-column
            field="RequestDate"
            title="Request Date"
          >
            
          </kendo-grid-column>
        </kendo-grid>
      </pf-async-container>
    </div>
    
  </div>
</pf-new-company-exchange-invitations>
`;
