// Jest Snapshot v1, https://goo.gl/fbAQLP

exports[`Admin - Company-Admin - Users List Page Should show the page with search bar 1`] = `
<pf-users-list-page
  _Permissions={[Function Function]}
  companyId="undefined"
  companyName$={[Function Store]}
  returnUrl="undefined"
  route={[Function ActivatedRoute]}
  router={[Function Router]}
  searchTerm$={[Function Store]}
  store={[Function Store]}
  userContext$={[Function Store]}
  users$={[Function Store]}
  usersLoading$={[Function Store]}
  usersLoadingError$={[Function Store]}
>
  <pf-page-with-title-bar>
    
     User Management -  
    
    <pf-input-debounce
      id="search-box"
    />
    <button
      class="btn btn-primary"
      type="submit"
    >
      Add User
    </button>
    
    <div
      class="col-12 column-scroll-container"
    >
      <div
        class="column-scroll-inner scroll-y"
      >
        <pf-users-list />
      </div>
    </div>
  </pf-page-with-title-bar>
</pf-users-list-page>
`;
