// Jest Snapshot v1, https://goo.gl/fbAQLP

exports[`UserRoleDataAccessTabComponent should match snapshot 1`] = `
<pf-user-role-data-access-tab
  currentRole$={[Function Store]}
  dataTypes={[Function Array]}
  dataTypes$={[Function Store]}
  roleDataRestrictions={[Function Array]}
  roleDataRestrictions$={[Function Store]}
  store={[Function Store]}
>
  <div>
    <h4>
      Please select a role from the role list.
    </h4>
  </div>
</pf-user-role-data-access-tab>
`;
