// Jest Snapshot v1, https://goo.gl/fbAQLP

exports[`CommunityTextAreaComponent should show community text area 1`] = `
<pf-community-text-area
  dangerStartNumber={[Function Number]}
  discussionTextArea={[Function ElementRef]}
  minimumHeight={[Function String]}
  overlayTextArea={[Function ElementRef]}
  parentForm={[Function FormGroup]}
  store={[Function Store]}
  suggestTagsContainer="undefined"
  suggestTagsContainerVisible={[Function Boolean]}
  suggestedCommunityTags$={[Function Store]}
  suggestedCommunityTagsPostId$={[Function Store]}
  suggestedCommunityTagsPostIdSubscription={[Function Subscriber]}
  suggestedCommunityTagsSubscription={[Function Subscriber]}
  suggestedTags={[Function Array]}
  textAreaContainer={[Function ElementRef]}
  textValueChangesSubscription={[Function Subscriber]}
  warningStartNumber={[Function Number]}
>
  <div
    class="form-group ng-untouched ng-pristine ng-valid"
    ng-reflect-form="[object Object]"
  >
    <div
      class="textAreaContainer"
      style="min-height: 50px;"
    >
      <div
        class="overlayTextArea pl-2"
      />
      <textarea
        class="discussionTextArea pl-2 ng-untouched ng-pristine ng-valid"
        formcontrolname="context"
        ng-reflect-maxlength=""
        ng-reflect-name="context"
        placeholder=""
        spellcheck="false"
      >
            
      </textarea>
      <pf-radial-text-counter
        class="radial-counter"
      />
    </div>
  </div>
</pf-community-text-area>
`;
