// Jest Snapshot v1, https://goo.gl/fbAQLP

exports[`ExchangeJobsComponent should show total exchange jobs 1`] = `
<pf-peer-job-association-exchange-jobs
  grid="undefined"
  gridState$={[Function Store]}
  jobTitleSearchComponent="undefined"
  loading$={[Function Store]}
  loadingError$={[Function Store]}
  peerExchangeJobs$={[Function Store]}
  searchTerm=""
  searchTermSubscription={[Function Subscriber]}
  store={[Function Store]}
  tooltipDir="undefined"
  totalPeerExchangeJobs$={[Function Store]}
>
  <h2>
    Peer Exchange Jobs
  </h2><div
    class="filters position-relative w-25 d-flex"
  >
    <i
      class="fas fa-search"
    />
    <pf-input-debounce />
  </div><label
    class="text-uppercase"
    data-qa-id="lbl-exchange-jobs-total"
  >
     peer exchange jobs: 0 total
  
  </label><div
    class="grid-container position-relative"
  >
    <pf-async-container
      class="h-100"
    >
      <div
        class="k-tooltip-container"
        filter=".k-grid td"
        kendotooltip=""
        showon="none"
      >
        <kendo-grid
          style="height: 100%;"
        >
          <kendo-grid-column
            field="ExchangeJobTitle"
            title="Job Title"
          >
            
          </kendo-grid-column>
          <kendo-grid-column
            field="ExchangeJobFamily"
            title="Job Family"
          />
          <kendo-grid-column
            field="ExchangeName"
            title="Exchange Name"
          />
          
          
        </kendo-grid>
      </div>
    </pf-async-container>
  </div>
</pf-peer-job-association-exchange-jobs>
`;
