// Jest Snapshot v1, https://goo.gl/fbAQLP

exports[`CommunitySearchComponent should show community search component 1`] = `
<pf-community-search
  searchEvent={[Function EventEmitter]}
>
  <div
    class="input-group shadow"
  >
    <input
      class="form-control form-control-lg input-body rounded-left border-right-0"
      data-qa-id="lbl-communitySearch"
      maxlength="50"
      placeholder="Search discussions..."
      type="text"
    />
    <div
      class="input-group-append"
      data-qa-id="ctr-clear-search"
    >
      <span
        class="input-group-text clear-container clear-container-empty-search"
      >
        <fa-icon
          icon="times"
        />
      </span>
    </div>
    <div
      class="input-group-append"
      data-qa-id="ctr-search"
    >
      <span
        class="input-group-text search-container cursor-pointer"
      >
        <fa-icon
          icon="search"
          size="2x"
        />
      </span>
    </div>
  </div>
</pf-community-search>
`;
