// Jest Snapshot v1, https://goo.gl/fbAQLP

exports[`Deny Request Modal modal and text area should match the snapshot 1`] = `
<pf-deny-request-modal
  closeClicked={[Function EventEmitter]}
  denyClicked={[Function EventEmitter]}
  denyReasonForm={[Function FormGroup]}
  fb={[Function FormBuilder]}
>
  <pf-modal-form
    class="ng-untouched ng-pristine ng-invalid"
    title="undefined"
  >
    
    
    <p />
    <div
      class="flex-grow-1 d-flex flex-column form-group mb-0"
    >
      <textarea
        class="form-control text-area-no-resize ng-untouched ng-pristine ng-invalid"
        formcontrolname="reason"
        id="deny-reason"
        maxlength="1000"
        name="reason"
        onfocus="this.placeholder = ''"
        placeholder="Please provide the reason for denial... (should be at least 30 characters)"
        rows="5"
      />
    </div>
  </pf-modal-form>
</pf-deny-request-modal>
`;
