// Jest Snapshot v1, https://goo.gl/fbAQLP

exports[`CommunityStartPollComponent should show community start poll 1`] = `
<pf-community-new-poll
  addingCommunityDiscussionPollSuccess$={[Function Store]}
  communityPollForm={[Function FormGroup]}
  communityTopics$={[Function Store]}
  defaultTopic={[Function Object]}
  displayPollLengthChoices="false"
  formBuilder={[Function FormBuilder]}
  maxTextLength={[Function Number]}
  pfLinkifyService={[Function Object]}
  pollLengthDays={[Function Array]}
  pollLengthHours={[Function Array]}
  store={[Function Store]}
>
  <div
    class="form-group"
  >
    <div
      class="pb-3 w-75"
    >
      <select
        class="form-control"
        formcontrolname="topic"
        required=""
      >
        <option
          disabled=""
          selected=""
          value="null"
        >
          Select a Topic to start your poll...
        </option>
        
      </select>
      
    </div>
    <pf-community-text-area
      class="pt-5"
      textplaceholder="Ask a question..."
    />
    <div
      class="pr-5"
    >
      
    </div>
    <div
      class="pl-4 row"
    >
      <label
        class="col-form-label"
        for="duration"
      >
        Poll Length:
      </label>
      <button
        class="btn btn-link"
        type="button"
      >
        
      </button>
      
    </div>
  </div>
</pf-community-new-poll>
`;
