// Jest Snapshot v1, https://goo.gl/fbAQLP

exports[`Features - Peer - Exclude Indirect Matches Filter should display appropriate label 1`] = `
<pf-exclude-indirect-matches-filter
  filterToggled={[Function EventEmitter]}
>
  <div
    class="filter-switch-container"
  >
    <div
      class="filter-switch-left"
    >
      <div
        class="filter-switch-label"
      >
         Exact Level Only 
      </div>
    </div>
    <div
      class="exclude-indirect-matches-filter-switch"
    >
      <kendo-switch
        class="k-switch-sm"
      >
        
        <span
          class="k-switch-container"
        >
          <span
            class="k-switch-label-on"
          >
            
          </span>
          <span
            class="k-switch-label-off"
          >
            
          </span>
          <span
            class="k-switch-handle"
          />
        </span>
      </kendo-switch>
    </div>
  </div>
</pf-exclude-indirect-matches-filter>
`;
