// Jest Snapshot v1, https://goo.gl/fbAQLP

exports[`CommunityPostAddReplyViewComponent should show community add reply view 1`] = `
<pf-community-post-add-reply-view
  __ngContext__={[Function LRootView]}
  addReplyViewStore={[Function Store]}
  addedRepliesSubscription={[Function Subscriber]}
  addedReplyView$={[Function Store]}
  communityReplyEdited$={[Function Store]}
  onAttachmentClickedEvent={[Function EventEmitter_]}
  replyEditedSubscription={[Function Subscriber]}
  replyHashTagClicked={[Function EventEmitter_]}
  store={[Function Store]}
>
</pf-community-post-add-reply-view>
`;
