// Jest Snapshot v1, https://goo.gl/fbAQLP

exports[`Approve Request Modal modal and text area should match the snapshot 1`] = `
<pf-approve-request-modal
  approveClicked={[Function EventEmitter]}
  approveForm={[Function FormGroup]}
  closeClicked={[Function EventEmitter]}
  exchangeRequestPeopleToNotifyEnum={[Function Object]}
  fb={[Function FormBuilder]}
>
  <pf-modal-form
    class="ng-untouched ng-pristine ng-invalid"
    title="undefined"
  >
    
    
    <p />
    <div
      class="flex-grow-1 d-flex flex-column form-group mb-0"
    >
      <div
        class="d-flex flex-row"
      >
        <div>
          <input
            class="ng-untouched ng-pristine ng-valid"
            formcontrolname="peopleToNotify"
            id="NoOne"
            type="radio"
          />
          <label
            class="radio-label"
            for="NoOne"
          >
            No One
          </label>
        </div>
        <div>
          <input
            class="ng-untouched ng-pristine ng-valid"
            formcontrolname="peopleToNotify"
            id="RequestorOnly"
            type="radio"
          />
          <label
            class="radio-label"
            for="RequestorOnly"
          >
            Requestor Only
          </label>
        </div>
        <div>
          <input
            class="ng-untouched ng-pristine ng-valid"
            formcontrolname="peopleToNotify"
            id="AllExchangeParticipants"
            type="radio"
          />
          <label
            class="radio-label"
            for="AllExchangeParticipants"
          >
            All Exchange Participants
          </label>
        </div>
      </div>
      <textarea
        class="form-control text-area-no-resize ng-untouched ng-pristine ng-invalid"
        formcontrolname="reason"
        id="approve-reason"
        maxlength="1000"
        name="reason"
        onfocus="this.placeholder = ''"
        placeholder="Please provide the reason for approval... (should be at least 30 characters)"
        rows="5"
      />
    </div>
  </pf-modal-form>
</pf-approve-request-modal>
`;
