// Jest Snapshot v1, https://goo.gl/fbAQLP

exports[`Data Management - Main - Load And Export File Card has access should show export button 1`] = `
<pf-load-and-export-files-card
  canExportOrgData={[Function Observable]}
  canExportPricingData={[Function Observable]}
  canImportOrgData="false"
  latestOrgDataLoad$={[Function Store]}
  latestOrgDataLoadModalOpen$={[Function Store]}
  manualImportOrgDataSubscription={[Function Subscriber]}
  notificationStore={[Function Store]}
  permissionService={[Function Object]}
  router={[Function Object]}
  settingsService={[Function Object]}
  store={[Function Store]}
>
  <div
    class="card mb-3 shadow-sm"
  >
    <div
      class="card-body"
    >
      <div
        class="row pb-3"
      >
        <div
          class="col d-flex justify-content-between"
        >
          <h4
            class="card-title d-inline-block flex-grow-1"
          >
             Load and Export Files 
          </h4>
        </div>
      </div>
      
      <div>
        <div
          class="row px-3"
        >
          <div
            class="col-8"
          >
            <h4
              class="load-type-title"
            >
              Org Data
            </h4>
            
          </div>
          <div
            class="col-4 text-right"
          >
            <div
              class="d-flex justify-content-end"
            >
              
              <div
                class="p-2"
              >
                <a
                  class="btn btn-outline-primary px-3"
                  href="/odata/Company/GetOrganizationalData"
                >
                  Export
                </a>
              </div>
              
            </div>
          </div>
        </div>
      </div>
      
      <div>
        
        <hr />
        <div
          class="row px-3"
        >
          <div
            class="col-8"
          >
            <h4
              class="load-type-title"
            >
              Pricing Data
            </h4>
          </div>
          <div
            class="col-4 text-right"
          >
            <div
              class="d-flex justify-content-end"
            >
              <div
                class="p-2"
              >
                <a
                  class="btn btn-outline-primary px-3"
                  href="#"
                >
                  Export
                </a>
              </div>
            </div>
          </div>
        </div>
      </div>
    </div>
    <pf-latest-org-data-load-modal />
  </div>
</pf-load-and-export-files-card>
`;

exports[`Data Management - Main - Load And Export File Card has access should show import button 1`] = `
<pf-load-and-export-files-card
  canExportOrgData={[Function Observable]}
  canExportPricingData={[Function Observable]}
  canImportOrgData="false"
  latestOrgDataLoad$={[Function Store]}
  latestOrgDataLoadModalOpen$={[Function Store]}
  manualImportOrgDataSubscription={[Function Subscriber]}
  notificationStore={[Function Store]}
  permissionService={[Function Object]}
  router={[Function Object]}
  settingsService={[Function Object]}
  store={[Function Store]}
>
  <div
    class="card mb-3 shadow-sm"
  >
    <div
      class="card-body"
    >
      <div
        class="row pb-3"
      >
        <div
          class="col d-flex justify-content-between"
        >
          <h4
            class="card-title d-inline-block flex-grow-1"
          >
             Load and Export Files 
          </h4>
        </div>
      </div>
      
      <div>
        <div
          class="row px-3"
        >
          <div
            class="col-8"
          >
            <h4
              class="load-type-title"
            >
              Org Data
            </h4>
            
          </div>
          <div
            class="col-4 text-right"
          >
            <div
              class="d-flex justify-content-end"
            >
              
              <div
                class="p-2"
              >
                <a
                  class="btn btn-outline-primary px-3"
                  href="/odata/Company/GetOrganizationalData"
                >
                  Export
                </a>
              </div>
              
            </div>
          </div>
        </div>
      </div>
      
      <div>
        
        <hr />
        <div
          class="row px-3"
        >
          <div
            class="col-8"
          >
            <h4
              class="load-type-title"
            >
              Pricing Data
            </h4>
          </div>
          <div
            class="col-4 text-right"
          >
            <div
              class="d-flex justify-content-end"
            >
              <div
                class="p-2"
              >
                <a
                  class="btn btn-outline-primary px-3"
                  href="#"
                >
                  Export
                </a>
              </div>
            </div>
          </div>
        </div>
      </div>
    </div>
    <pf-latest-org-data-load-modal />
  </div>
</pf-load-and-export-files-card>
`;

exports[`Data Management - Main - Load And Export File Card no access should not show anything 1`] = `
<pf-load-and-export-files-card
  canExportOrgData={[Function Observable]}
  canExportPricingData={[Function Observable]}
  canImportOrgData="false"
  latestOrgDataLoad$={[Function Store]}
  latestOrgDataLoadModalOpen$={[Function Store]}
  manualImportOrgDataSubscription={[Function Subscriber]}
  notificationStore={[Function Store]}
  permissionService={[Function Object]}
  router={[Function Object]}
  settingsService={[Function Object]}
  store={[Function Store]}
>
  <div
    class="card mb-3 shadow-sm"
  >
    <div
      class="card-body"
    >
      <div
        class="row pb-3"
      >
        <div
          class="col d-flex justify-content-between"
        >
          <h4
            class="card-title d-inline-block flex-grow-1"
          >
             Load and Export Files 
          </h4>
        </div>
      </div>
      
      <div>
        <div
          class="row px-3"
        >
          <div
            class="col-8"
          >
            <h4
              class="load-type-title"
            >
              Org Data
            </h4>
            
          </div>
          <div
            class="col-4 text-right"
          >
            <div
              class="d-flex justify-content-end"
            >
              
              <div
                class="p-2"
              >
                <a
                  class="btn btn-outline-primary px-3"
                  href="/odata/Company/GetOrganizationalData"
                >
                  Export
                </a>
              </div>
              
            </div>
          </div>
        </div>
      </div>
      
      <div>
        
        <hr />
        <div
          class="row px-3"
        >
          <div
            class="col-8"
          >
            <h4
              class="load-type-title"
            >
              Pricing Data
            </h4>
          </div>
          <div
            class="col-4 text-right"
          >
            <div
              class="d-flex justify-content-end"
            >
              <div
                class="p-2"
              >
                <a
                  class="btn btn-outline-primary px-3"
                  href="#"
                >
                  Export
                </a>
              </div>
            </div>
          </div>
        </div>
      </div>
    </div>
    <pf-latest-org-data-load-modal />
  </div>
</pf-load-and-export-files-card>
`;
