// Jest Snapshot v1, https://goo.gl/fbAQLP

exports[`Admin - Create Tag Category Modal (the modal) should match the snapshot 1`] = `
<pf-create-tag-category-modal
  createTagCategoryForm={[Function FormGroup]}
  createTagCategoryModalOpen$={[Function Store]}
  creatingTagCategory$={[Function Store]}
  dataTypes={[Function Array]}
  fb={[Function FormBuilder]}
  operatorEnum={[Function Object]}
  store={[Function Store]}
  tagApiService={[Function Object]}
>
  <pf-modal-form>
    
    <div
      class="form-group"
    >
      <div>
        <label
          class="col-form-label"
          for="tag-category-name"
        >
          Please give the new custom filter a name:
        </label>
        <input
          class="form-control"
          formcontrolname="name"
          id="tag-category-name"
          pffocus=""
          placeholder="Name"
          type="text"
        />
        
        
      </div>
      <div>
        <label
          class="col-form-label"
        >
          Choose what types you would like this filter to apply to:
        </label>
        <div
          class="d-flex flex-row"
        >
          <div>
            <input
              formcontrolname="entityTypeCompany"
              type="checkbox"
            />
            <label
              class="checkbox-label"
            >
              Company
            </label>
          </div>
          <div>
            <input
              formcontrolname="entityTypeJob"
              type="checkbox"
            />
            <label
              class="checkbox-label"
            >
              Job
            </label>
          </div>
          <div>
            <input
              formcontrolname="entityTypeEmployee"
              type="checkbox"
            />
            <label
              class="checkbox-label"
            >
              Employee
            </label>
          </div>
          <div>
            <input
              formcontrolname="entityTypeSubsidiary"
              type="checkbox"
            />
            <label
              class="checkbox-label"
            >
              Subsidiary
            </label>
          </div>
        </div>
        <hr />
        <div
          class="mb-1 d-flex flex-row"
        >
          <div
            class="mr-5"
          >
            <label
              class="col-form-label"
            >
              Filter Operator:
            </label>
            <div
              class="d-flex flex-row"
            >
              <div>
                <input
                  formcontrolname="categoryOperator"
                  type="radio"
                />
                <label
                  class="radio-label"
                >
                  
                </label>
              </div>
              <div>
                <input
                  formcontrolname="categoryOperator"
                  type="radio"
                />
                <label
                  class="radio-label"
                >
                  
                </label>
              </div>
            </div>
          </div>
          <div>
            <label
              class="col-form-label"
            >
              Display operator toggle in UI:
            </label>
            <div>
              <kendo-switch
                formcontrolname="displayOperatorToggle"
              >
                
                <span
                  class="k-switch-container"
                >
                  <span
                    class="k-switch-label-on"
                  >
                    
                  </span>
                  <span
                    class="k-switch-label-off"
                  >
                    
                  </span>
                  <span
                    class="k-switch-handle"
                  />
                </span>
              </kendo-switch>
            </div>
          </div>
        </div>
        <hr />
        <div
          class="mb-1 d-flex flex-row"
        >
          <div
            class="mr-5"
          >
            <label
              class="col-form-label"
            >
              Filter Data Type:
            </label>
            <div>
              <kendo-dropdownlist
                class="form-control border drop-down-width"
                formcontrolname="dataType"
              >
                
                <span
                  aria-haspopup="listbox"
                  role="listbox"
                  unselectable="on"
                >
                  <span
                    class="k-input"
                    unselectable="on"
                  >
                    
                    
                  </span>
                  <span
                    class="k-select"
                    unselectable="on"
                  >
                    <span
                      class="k-icon"
                      unselectable="on"
                    />
                  </span>
                  
                </span>
                
                
              </kendo-dropdownlist>
            </div>
          </div>
          <div>
            <label
              class="col-form-label"
            >
              Display filter as slider:
            </label>
            <div>
              <kendo-switch
                formcontrolname="useSlider"
              >
                
                <span
                  class="k-switch-container"
                >
                  <span
                    class="k-switch-label-on"
                  >
                    
                  </span>
                  <span
                    class="k-switch-label-off"
                  >
                    
                  </span>
                  <span
                    class="k-switch-handle"
                  />
                </span>
              </kendo-switch>
            </div>
          </div>
        </div>
        <hr />
        <textarea
          class="form-control text-area-no-resize"
          formcontrolname="description"
          id="tag-category-description"
          maxlength="250"
          name="description"
          onfocus="this.placeholder = ''"
          rows="5"
        />
      </div>
    </div>
  </pf-modal-form>
</pf-create-tag-category-modal>
`;
