// Jest Snapshot v1, https://goo.gl/fbAQLP

exports[`CommunityPostAddReplyComponent should show community add reply 1`] = `
<pf-community-post-add-reply
  addReplyViewStore={[Function Store]}
  addedRepliesCount="0"
  addedRepliesSubscription={[Function Subscriber]}
  addedReplyView$={[Function Store]}
  addingCommunityPostReply$={[Function Store]}
  addingCommunityPostReplySuccess$={[Function Store]}
  addingCommunityPostReplySuccessSubscription={[Function Subscriber]}
  appNotificationStore={[Function Store]}
  attachmentModalId={[Function String]}
  communityAttachments={[Function Array]}
  communityPostReplyForm={[Function FormGroup]}
  currentAttachmentModalState$={[Function Store]}
  formBuilder={[Function FormBuilder]}
  getNotification$={[Function Store]}
  getNotificationSubscription={[Function Subscriber]}
  pfLinkifyService={[Function Object]}
  replyMaxLength={[Function Number]}
  replySubmitted={[Function EventEmitter]}
  store={[Function Store]}
  submitAttempted="false"
>
  <form
    class="ng-untouched ng-pristine ng-invalid"
    ng-reflect-form="[object Object]"
    novalidate=""
  >
    
    <pf-community-text-area
      class="reply-text-area"
      textplaceholder="Add Reply..."
    />
    <div
      class="text-right"
    >
      <button
        class="btn-sm community-btn mr-2"
        data-qa-id="btn-reply"
        id="reply"
        type="button"
      >
        <fa-icon
          icon="reply"
          size="lg"
        />
         Reply 
      </button>
    </div>
    
  </form>
</pf-community-post-add-reply>
`;
