// Jest Snapshot v1, https://goo.gl/fbAQLP

exports[`CommunityStartDiscussionComponent should show community start discussion 1`] = `
<pf-community-start-discussion
  UserAvatarSource={[Function String]}
  communityDiscussionForm={[Function FormGroup]}
  discussionTextArea={[Function ElementRef]}
  formBuilder={[Function FormBuilder]}
  overlayTextArea={[Function ElementRef]}
  postMaxLength={[Function Number]}
  store={[Function Store]}
  submittingCommunityPost$={[Function Store]}
  submittingCommunityPostSuccess$={[Function Store]}
  suggestedCommunityTags$={[Function Store]}
  textAreaContainer={[Function ElementRef]}
>
  <div
    class="start-discussion-container mb-3"
  >
    <div
      class="start-discussion-header"
    >
      <ul
        class="mb-0"
      >
        <li
          class="pl-4 pr-4 section-active"
        >
          Start a Discussion
        </li>
        <li
          class="pl-4 pr-4"
        >
          Ask a Question
        </li>
        <li
          class="pl-4 pr-4"
        >
          Post a Job
        </li>
      </ul>
    </div>
    <form
      novalidate=""
    >
      <div
        class="start-discussion-body p-2"
      >
        <img
          alt="avatar"
          class="pf-avatar ml-1"
          id="discussion-avatar"
        />
        <div
          class="w-100"
        >
          <div
            class="textAreaContainer ml-3"
          >
            <div
              class="overlayTextArea pl-2 pr-3"
            />
            <textarea
              class="discussionTextArea pl-2 pr-3"
              formcontrolname="postText"
              placeholder="Start a discussion..."
              spellcheck="false"
            >
                            
            </textarea>
          </div>
          
          <div
            class="ml-3 p-0"
          >
            <div
              class="float-right"
            >
              <pf-radial-text-counter />
            </div>
            <span
              ngbtooltip="Will be visible to users within your organization"
              placement="bottom"
            >
              <input
                formcontrolname="isInternalOnly"
                id="internal-only"
                name="internal-only"
                type="checkbox"
              />
              <label
                class="ml-1"
                for="internal-only"
              >
                Internal Only
              </label>
            </span>
            <button
              class="btn btn-primary float-right"
              id="start-discussion-post-button"
            >
              Post 
              
            </button>
          </div>
        </div>
      </div>
    </form>
  </div>
</pf-community-start-discussion>
`;
