// Jest Snapshot v1, https://goo.gl/fbAQLP

exports[`CommunityPollChoicesComponent should not allow to update poll choices if !enableEditingResponseOptions 1`] = `
<pf-community-poll-choices
  added={[Function EventEmitter]}
  maxChoices={[Function Number]}
  removed={[Function EventEmitter]}
>
  <div
    class="form-group row pl-5 mb-1"
  >
    
    <div>
      <input
        class="form-control input-body community-border-radius"
        formcontrolname="response"
        type="text"
      />
      
    </div>
    
    
  </div>
</pf-community-poll-choices>
`;

exports[`CommunityPollChoicesComponent should not allow to update poll choices if enableEditingResponseOptions === true 1`] = `
<pf-community-poll-choices
  added={[Function EventEmitter]}
  maxChoices={[Function Number]}
  removed={[Function EventEmitter]}
>
  <div
    class="form-group row pl-5 mb-1"
  >
    
    <div>
      <input
        class="form-control input-body community-border-radius"
        formcontrolname="response"
        type="text"
      />
      
    </div>
    
    
  </div>
</pf-community-poll-choices>
`;

exports[`CommunityPollChoicesComponent should show community start poll 1`] = `
<pf-community-poll-choices
  added={[Function EventEmitter]}
  maxChoices={[Function Number]}
  removed={[Function EventEmitter]}
>
  <div
    class="form-group row pl-5 mb-1"
  >
    
    <div>
      <input
        class="form-control input-body community-border-radius"
        formcontrolname="response"
        type="text"
      />
      
    </div>
    
    
  </div>
</pf-community-poll-choices>
`;
