// Jest Snapshot v1, https://goo.gl/fbAQLP

exports[`Tile Preview Chart With List should show component 1`] = `
<pf-tile-preview-chart-with-list
  MIN_CHART_DISPLAY_VALUE={[Function Number]}
  chartData="undefined"
  model={[Function Object]}
>
  <div
    class="tile-container row m-1"
  >
    <div
      class="col-5 p-0"
    >
      <div
        class="row m-1"
      >
        <div
          class="col-12"
        >
          <strong>
            
          </strong>
        </div>
      </div>
      
    </div>
    <div
      class="col-7 p-0 pr-2"
    >
      
      <span
        class="col-12 tile-text text-center m-0 p-0"
      >
        <a
          class="pollLink"
          href=""
        >
           
        </a>
      </span>
      
    </div>
  </div>
</pf-tile-preview-chart-with-list>
`;
